Microsoft (R) Macro Assembler Version 14.00.24210.0	    04/17/26 12:07:30
event.asm						     Page 1 - 1


				; // ==================================
				; // event.asm
				; // ----------------------------------
				; // Contains a list of function callbacks and calls them
				; // with parameters when fired.
				; // ==================================

				INCLUDE default_header.inc
			      C .686
			      C .model flat, stdcall
			      C option casemap : none
			      C .stack 4096
			      C OPTION PROC : PRIVATE
			      C 
				INCLUDE event.inc
			      C ; // ==================================
			      C ; // event.inc
			      C ; // ----------------------------------
			      C ; // Contains a list of function callbacks and calls them
			      C ; // with parameters when fired.
			      C ; // ==================================
			      C 
			      C IFNDEF EVENT_INC
 = 00000001		      C EVENT_INC EQU 1
			      C 
			      C INCLUDE unordered_vector.inc
			      C ; // ==================================
			      C ; // unordered_vector.inc
			      C ; // ----------------------------------
			      C ; // unordered_vector are dynamic arrays of DWORDs
			      C ; // whose contents are not guaranteed to be in the same
			      C ; // order after a removal. They are typically used for 
			      C ; // pools of GameObject pointers whose order doesn't matter.
			      C ; // ==================================
			      C 
			      C IFNDEF UNORDERED_VECTOR_INC
 = 00000001		      C UNORDERED_VECTOR_INC EQU 1
			      C 
 0000000C		      C UnorderedVector STRUCT
 00000000  00000000	      C 	pData		DWORD ?
 00000004  00000000	      C 	count		DWORD ?
 00000008  00000000	      C 	capacity	DWORD ?
			      C UnorderedVector ENDS
			      C 
			      C ; // Constructors
			      C init_unordered_vector PROTO capacity : DWORD
			      C new_unordered_vector PROTO capacity: DWORD
			      C free_unordered_vector PROTO
			      C 
			      C ; // Instance methods
			      C push_back PROTO element: DWORD
			      C remove_element PROTO element: DWORD
			      C 
			      C ENDIF
			      C 
			      C 
 00000008		      C Connection STRUCT
 00000000  00000000	      C     pInstance DWORD ?		; // This is either the "this" pointer of an instance or 0 for a global function
 00000004  00000000	      C     pFunction DWORD ?		; // The pointer to the function
			      C Connection ENDS
			      C 
 0000000C		      C Event STRUCT
 00000000  00000000	      C 	connections UnorderedVector <>
	   00000000
	   00000000
			      C Event ENDS
			      C 
			      C event_connect		PROTO		pInstance : DWORD, pFunction : DWORD
			      C event_disconnect	PROTO		pConnection : DWORD
			      C event_fire			PROTO 		pArgs : DWORD
			      C 
			      C ENDIF
			      C 
				INCLUDE unordered_vector.inc
			      C ; // ==================================
			      C ; // unordered_vector.inc
			      C ; // ----------------------------------
			      C ; // unordered_vector are dynamic arrays of DWORDs
			      C ; // whose contents are not guaranteed to be in the same
			      C ; // order after a removal. They are typically used for 
			      C ; // pools of GameObject pointers whose order doesn't matter.
			      C ; // ==================================
			      C 
			      C IFNDEF UNORDERED_VECTOR_INC
			      C ENDIF
			      C 
				INCLUDE heap_functions.inc
			      C ; // ==================================
			      C ; // heap_functions.inc
			      C ; // ----------------------------------
			      C ; // Functions used for dynamic memory management. This file was
			      C ; // added before we learned about heap memory management in class
			      C ; // so we could have easy memory management. My resource for this 
			      C ; // was the windows API reference and the class ch11 slides.
			      C ; // ==================================
			      C 
			      C IFNDEF HEAP_FUNCTIONS_INC
 = 00000001		      C HEAP_FUNCTIONS_INC EQU 1
			      C 
			      C ; // Constants
 = 00000008		      C HEAP_ZERO_MEMORY			equ 00000008h
 = 00000004		      C HEAP_GENERATE_EXCEPTIONS	equ 00000004h
 = 00000001		      C HEAP_NO_SERIALIZE			equ 00000001h
			      C 
 = 00001000		      C MEM_COMMIT					equ 00001000h
 = 00002000		      C MEM_RESERVE					equ 00002000h
 = 00000004		      C PAGE_READWRITE				equ 4
 = 00008000		      C MEM_RELEASE					equ 00008000h
			      C 
 = 00000000		      C NULL   EQU 0
			      C 
			      C ; // Types
			      C HANDLE TYPEDEF DWORD
			      C 
			      C ; // Protos
			      C GetProcessHeap	PROTO
			      C HeapAlloc		PROTO,	hHeap:DWORD, dwFlags:DWORD, dwBytes:DWORD
			      C HeapFree		PROTO,	hHeap:DWORD, dwFlags:DWORD, lpMem:DWORD
			      C HeapReAlloc		PROTO,	hHeap:DWORD, dwFlags:DWORD, lpMem:DWORD,	dwBytes:DWORD
			      C VirtualAlloc	PROTO,	lpAddress:DWORD, dwSize:DWORD, flAllocationType:DWORD, flProtect:DWORD
			      C VirtualFree		PROTO,  lpAddress:DWORD, dwSize:DWORD, dwFreeType:DWORD
			      C 
			      C initialize_heap PROTO ; // This function is from heap_functions.asm. It gets the handle to the process heap and stores in hHeap
			      C 
			      C ; // Data
			      C EXTERNDEF hHeap:HANDLE ; // the heap handle is defined in heap_functions.asm
			      C 
			      C ENDIF
			      C 

 00000000			.code
				; // ----------------------------------
				; // event_connect
				; // Allocates a new connection and adds it to the vector
				; // 
				; // Returns:
				; //	eax - A pointer to the new connection
				; //
				; // Register Parameters: 
				; //	ecx - THIS pointer
				; // ----------------------------------
 00000000			event_connect PROC pInstance : DWORD, pFunction : DWORD
 00000000  55		   *	    push   ebp
 00000001  8B EC	   *	    mov    ebp, esp
 00000003  8B 45 08			mov eax, pInstance
 00000006  8B 45 0C			mov eax, pFunction
					ret
 00000009  C9		   *	    leave  
 0000000A  C2 0008	   *	    ret    00008h
 0000000D			event_connect ENDP

 0000000D			event_disconnect PROC pConnection : DWORD
 0000000D  55		   *	    push   ebp
 0000000E  8B EC	   *	    mov    ebp, esp
 00000010  8B 45 08			mov eax, pConnection
					ret
 00000013  C9		   *	    leave  
 00000014  C2 0004	   *	    ret    00004h
 00000017			event_disconnect ENDP

 00000017			event_fire PROC pArgs : DWORD
 00000017  55		   *	    push   ebp
 00000018  8B EC	   *	    mov    ebp, esp
 0000001A  8B 45 08			mov eax, pArgs
					ret
 0000001D  C9		   *	    leave  
 0000001E  C2 0004	   *	    ret    00004h
 00000021			event_fire ENDP

				END
Microsoft (R) Macro Assembler Version 14.00.24210.0	    04/17/26 12:07:30
event.asm						     Symbols 2 - 1




Structures and Unions:

                N a m e                  Size
                                         Offset      Type

Connection . . . . . . . . . . .	 00000008
  pInstance  . . . . . . . . . .	 00000000	 DWord
  pFunction  . . . . . . . . . .	 00000004	 DWord
Event  . . . . . . . . . . . . .	 0000000C
  connections  . . . . . . . . .	 00000000	 
UnorderedVector  . . . . . . . .	 0000000C
  pData  . . . . . . . . . . . .	 00000000	 DWord
  count  . . . . . . . . . . . .	 00000004	 DWord
  capacity . . . . . . . . . . .	 00000008	 DWord


Types:

                N a m e                  Size     Attr

HANDLE . . . . . . . . . . . . .	 00000004     DWord


Segments and Groups:

                N a m e                 Size     Length   Align   Combine Class

FLAT . . . . . . . . . . . . . .	GROUP
STACK  . . . . . . . . . . . . .	32 Bit	 00001000 Para	  Stack	  'STACK'	 
_DATA  . . . . . . . . . . . . .	32 Bit	 00000000 Para	  Public  'DATA'	
_TEXT  . . . . . . . . . . . . .	32 Bit	 00000021 Para	  Public  'CODE'	


Procedures, parameters, and locals:

                N a m e                 Type     Value    Attr

GetProcessHeap . . . . . . . . .	P Near	 00000000 FLAT	Length= 00000000 External STDCALL
HeapAlloc  . . . . . . . . . . .	P Near	 00000000 FLAT	Length= 00000000 External STDCALL
HeapFree . . . . . . . . . . . .	P Near	 00000000 FLAT	Length= 00000000 External STDCALL
HeapReAlloc  . . . . . . . . . .	P Near	 00000000 FLAT	Length= 00000000 External STDCALL
VirtualAlloc . . . . . . . . . .	P Near	 00000000 FLAT	Length= 00000000 External STDCALL
VirtualFree  . . . . . . . . . .	P Near	 00000000 FLAT	Length= 00000000 External STDCALL
event_connect  . . . . . . . . .	P Near	 00000000 _TEXT	Length= 0000000D Public STDCALL
  pInstance  . . . . . . . . . .	DWord	 bp + 00000008
  pFunction  . . . . . . . . . .	DWord	 bp + 0000000C
event_disconnect . . . . . . . .	P Near	 0000000D _TEXT	Length= 0000000A Public STDCALL
  pConnection  . . . . . . . . .	DWord	 bp + 00000008
event_fire . . . . . . . . . . .	P Near	 00000017 _TEXT	Length= 0000000A Public STDCALL
  pArgs  . . . . . . . . . . . .	DWord	 bp + 00000008
free_unordered_vector  . . . . .	P Near	 00000000 FLAT	Length= 00000000 External STDCALL
init_unordered_vector  . . . . .	P Near	 00000000 FLAT	Length= 00000000 External STDCALL
initialize_heap  . . . . . . . .	P Near	 00000000 FLAT	Length= 00000000 External STDCALL
new_unordered_vector . . . . . .	P Near	 00000000 FLAT	Length= 00000000 External STDCALL
push_back  . . . . . . . . . . .	P Near	 00000000 FLAT	Length= 00000000 External STDCALL
remove_element . . . . . . . . .	P Near	 00000000 FLAT	Length= 00000000 External STDCALL


Symbols:

                N a m e                 Type     Value    Attr

@CodeSize  . . . . . . . . . . .	Number	 00000000h   
@DataSize  . . . . . . . . . . .	Number	 00000000h   
@Interface . . . . . . . . . . .	Number	 00000003h   
@Model . . . . . . . . . . . . .	Number	 00000007h   
@code  . . . . . . . . . . . . .	Text   	 _TEXT
@data  . . . . . . . . . . . . .	Text   	 FLAT
@fardata?  . . . . . . . . . . .	Text   	 FLAT
@fardata . . . . . . . . . . . .	Text   	 FLAT
@stack . . . . . . . . . . . . .	Text   	 FLAT
EVENT_INC  . . . . . . . . . . .	Number	 00000001h   
HEAP_FUNCTIONS_INC . . . . . . .	Number	 00000001h   
HEAP_GENERATE_EXCEPTIONS . . . .	Number	 00000004h   
HEAP_NO_SERIALIZE  . . . . . . .	Number	 00000001h   
HEAP_ZERO_MEMORY . . . . . . . .	Number	 00000008h   
MEM_COMMIT . . . . . . . . . . .	Number	 00001000h   
MEM_RELEASE  . . . . . . . . . .	Number	 00008000h   
MEM_RESERVE  . . . . . . . . . .	Number	 00002000h   
NULL . . . . . . . . . . . . . .	Number	 00000000h   
PAGE_READWRITE . . . . . . . . .	Number	 00000004h   
UNORDERED_VECTOR_INC . . . . . .	Number	 00000001h   
hHeap  . . . . . . . . . . . . .	DWord	 00000000 FLAT	External STDCALL

	   0 Warnings
	   0 Errors
